// Jest Snapshot v1, https://goo.gl/fbAQLP

exports[`Button test Button should render correctly 1`] = `undefined`;

exports[`Button test renders the component 1`] = `undefined`;
