// Jest Snapshot v1, https://goo.gl/fbAQLP

exports[`Selection Box test Selection box should render correctly 1`] = `undefined`;
